🔴 <b>Catalog is 1 day 13 hr old</b>
<b>To fix:</b> tap Details below or check the Railway logs. Next try 15:00.
Updates have failed 20 times since yesterday 18:20. The error isn't one the app recognises, so it may need a code fix. The site works but is getting out of date.
<blockquote expandable>Details: catalog: title.basics has no Last-Modified</blockquote>