⚠️ <b>Posters failing since yesterday 14:20</b>
Nothing for you to do yet. Next try by tomorrow 13:20.
All 1,893 lookups to OMDb failed. No new posters are being saved; the site still works.
<blockquote expandable>Details: catalog: all 1893 lookups to OMDb failed; the last: Get &#34;https://www.omdbapi.com/&#34;: context deadline exceeded</blockquote>