⚠️ <b>Trailers failing since 13:10</b>
Nothing for you to do yet. Next try by 15:00.
All 50 lookups to TMDb failed. Trailers not found yet are looked up when someone opens the film; the site still works.
<blockquote expandable>Details: catalog: all 50 lookups to TMDb failed; the last: tmdb: giving up after 4 attempts: tmdb: HTTP 503</blockquote>