🔴 <b>TMDb key still turned down</b>
<b>To fix:</b> check TMDB_ACCESS_TOKEN (or TMDB_API_KEY) under Variables in Railway, then redeploy.
Turned down since yesterday 13:20 (1 day 1 hr). Backup posters and search matching have stopped. Films OMDb has no poster for stay blank until this is fixed.
<blockquote expandable>Details: tmdb: HTTP 401</blockquote>