⏳ <b>Matching films for search</b> · updated <tg-time unix="1790515200" format="r">14:20</tg-time>

✅ <b>Catalog</b> · 757,802 films · live since 04:58
⏸️ <b>Posters</b> · OMDb daily limit · resumes after 15:10
✅ <b>Backup posters</b> · up to date · 37 found today
⏳ <b>Search matching</b> · 42% of 180,422 films · done about 16:35
⏸️ <b>Synopses</b> · OMDb daily limit · resumes after 15:10
✅ <b>Trailers</b> · up to date · 301 found today
✅ <b>People photos</b> · up to date · 1,893 found today
✅ <b>Opening colours</b> · up to date
✅ <b>Daily puzzles</b> · up to date
✅ <b>Country lookup</b> · Friday&#39;s build in use · checked 06:06

<i>Next catalog check 15:00 · dev · up since 06:02</i>