🔴 <b>Can&#39;t reach the database</b> · updated <tg-time unix="1790515320" format="r">14:22</tg-time>

🔴 <b>Catalog</b> · on hold · no database since 14:20
⏸️ <b>Posters</b> · on hold
⏸️ <b>Backup posters</b> · on hold
⏸️ <b>Search matching</b> · on hold
⏸️ <b>Synopses</b> · on hold
⏸️ <b>Trailers</b> · on hold
⏸️ <b>People photos</b> · on hold
⏸️ <b>Opening colours</b> · on hold

<i>Retrying every 30 s · dev d017008 · up since 06:02</i>