⏳ <b>Building the first catalog</b> · updated <tg-time unix="1790515200" format="r">14:20</tg-time>

⏳ <b>Catalog</b> · step 1 of 4 · downloading IMDb files
⏳ <b>Posters</b> · waiting for the first catalog
⏸️ <b>Backup posters</b> · off (no TMDb key)
⏸️ <b>Search matching</b> · off (no TMDb key)
⏳ <b>Synopses</b> · waiting for the first catalog
⏸️ <b>Trailers</b> · off (no TMDb key)
⏸️ <b>People photos</b> · off (no TMDb key)
⏳ <b>Opening colours</b> · waiting for the first catalog
⏸️ <b>Country lookup</b> · off (no MaxMind key, or where to watch is off)

<i>Site has no catalog yet</i>
<i>dev d017008 · up since 14:20</i>