⏳ <b>Updating the catalog</b> · updated <tg-time unix="1790515200" format="r">14:20</tg-time>

⏳ <b>Catalog</b> · step 1 of 4 · downloading IMDb files
⏳ <b>Posters</b> · starting
⏳ <b>Backup posters</b> · starting
⏳ <b>Search matching</b> · starting
⏳ <b>Synopses</b> · starting
⏳ <b>Trailers</b> · starting
⏳ <b>People photos</b> · starting
⏳ <b>Opening colours</b> · starting
⏳ <b>Country lookup</b> · waiting for the first download

<i>Site shows the catalog from yesterday 04:58</i>
<i>dev · up since 14:20</i>