⏳ <b>Updating the catalog</b> · updated <tg-time unix="1790515740" format="r">14:29</tg-time>

⏳ <b>Catalog</b> · step 2 of 4 · loading credits
✅ <b>Posters</b> · up to date · 1,180 added today
✅ <b>Backup posters</b> · up to date · 37 found today
✅ <b>Search matching</b> · up to date · 1,288 matched today
✅ <b>Synopses</b> · up to date · 1,150 added today
✅ <b>Trailers</b> · up to date · 301 found today
✅ <b>People photos</b> · up to date · 1,893 found today
✅ <b>Opening colours</b> · up to date
✅ <b>Country lookup</b> · Friday&#39;s build in use · checked 06:06

<i>Site shows the catalog from 04:58</i>
<i>Next catalog check 15:00 · dev · up since 06:02</i>