⏳ <b>Updating the catalog</b> · updated <tg-time unix="1790515380" format="r">14:23</tg-time>

⏳ <b>Catalog</b> · step 1 of 4 · downloading credits (file 3 of 5) · 41%
✅ <b>Posters</b> · up to date · 1,180 added today
✅ <b>Backup posters</b> · up to date · 37 found today
✅ <b>Search matching</b> · up to date · 1,288 matched today
✅ <b>Synopses</b> · up to date · 1,150 added today
✅ <b>Trailers</b> · up to date · 301 found today
✅ <b>Opening colours</b> · up to date

<i>Site shows the catalog from 04:58</i>
<i>Next catalog check 15:00 · dev d017008 · up since 06:02</i>