⏳ <b>Waiting for the first catalog</b> · updated <tg-time unix="1790515200" format="r">14:20</tg-time>

⏳ <b>Catalog</b> · not built yet · next try 15:20
⏳ <b>Posters</b> · waiting for the first catalog
⏳ <b>Backup posters</b> · waiting for the first catalog
⏳ <b>Search matching</b> · waiting for the first catalog
⏳ <b>Synopses</b> · waiting for the first catalog
⏳ <b>Trailers</b> · waiting for the first catalog
⏳ <b>Opening colours</b> · waiting for the first catalog

<i>Site has no catalog yet</i>
<i>Next catalog check 15:20 · dev d017008 · up since 14:20</i>