⚠️ <b>Posters failing since 14:20</b> · updated <tg-time unix="1790516400" format="r">14:40</tg-time>

✅ <b>Catalog</b> · 757,802 films · live since 04:58
⚠️ <b>Posters</b> · every lookup failed · next try by tomorrow 14:20
✅ <b>Backup posters</b> · up to date · 37 found today
✅ <b>Search matching</b> · up to date · 1,288 matched today
✅ <b>Synopses</b> · up to date · 1,150 added today
✅ <b>Trailers</b> · up to date · 301 found today
✅ <b>Opening colours</b> · up to date

<i>Next catalog check 15:00 · dev d017008 · up since 06:02</i>