⚠️ <b>Catalog is 2 days 1 hr old</b> · updated <tg-time unix="1790515200" format="r">14:20</tg-time>

⚠️ <b>Catalog</b> · live since Fri 13:00 · IMDb has nothing new
✅ <b>Posters</b> · up to date
✅ <b>Backup posters</b> · up to date
✅ <b>Search matching</b> · up to date
✅ <b>Synopses</b> · up to date
✅ <b>Trailers</b> · up to date
✅ <b>People photos</b> · up to date
✅ <b>Opening colours</b> · up to date
✅ <b>Country lookup</b> · Friday&#39;s build in use · checked 14:20

<i>Next catalog check 15:00 · dev · up since 14:20</i>