🔴 <b>TMDb turned down our key</b> · updated <tg-time unix="1790515200" format="r">14:20</tg-time>

✅ <b>Catalog</b> · 757,802 films · live since 04:58
✅ <b>Posters</b> · up to date · 1,180 added today
🔴 <b>Backup posters</b> · TMDb turned down our key · new key needed
🔴 <b>Search matching</b> · TMDb turned down our key · new key needed
✅ <b>Synopses</b> · up to date · 1,150 added today
🔴 <b>Trailers</b> · TMDb turned down our key · new key needed
🔴 <b>People photos</b> · TMDb turned down our key · new key needed
✅ <b>Poster colours</b> · up to date
✅ <b>Daily puzzles</b> · up to date
✅ <b>Country lookup</b> · Friday&#39;s build in use · checked 06:06

<i>Next catalog check 15:00 · dev · up since 06:02</i>